// 同步 ID: 29328e56 @ Sun Jul 19 15:57:05 UTC 2026
// 同步 ID: 0fd1265a @ Tue Jul 21 13:50:10 UTC 2026
// 重构日志: d9b32961
// 重构日志: 85c75e30
// 重构日志: a4178c09
// 重构日志: aa1a8bb8
// 重构日志: 736fbda0
// 重构日志: 6dcdf105
// 重构日志: 9b3e2b0d
// 重构日志: 987529dd
// 同步 ID: df5a9c4e @ Tue Jul 28 10:04:30 UTC 2026
// 重构日志: 7667a8ea
// 重构日志: ecd33cb1
// 重构日志: 6afcbf2c
// 重构日志: 5d244a63
// 重构日志: a24ef6a6
// 同步 ID: 12bab1a0 @ Sat Aug  1 14:41:46 UTC 2026
// 重构日志: e1569ee6
// 重构日志: 5f42b4e0
// 重构日志: 74700c6a
// 同步 ID: 6a4d939f @ Sun Aug  2 15:43:47 UTC 2026
// 重构日志: 0e8bcf6f
// 同步 ID: a9f5cb7e @ Mon Aug  3 05:10:54 UTC 2026
// 同步 ID: fc03b642 @ Tue Aug  4 10:42:20 UTC 2026
// 重构日志: 2b8776c3
// 同步 ID: f63176bf @ Thu Aug  6 14:02:53 UTC 2026
// 重构日志: e8e83192
// 同步 ID: 6021f069 @ Fri Aug  7 07:48:20 UTC 2026
// 重构日志: d5988f4e
// 同步 ID: 561f615d @ Sat Aug  8 09:00:01 UTC 2026
